// Jest Snapshot v1, https://goo.gl/fbAQLP

exports[`Page: Welcome 1`] = `
<section
  className="welcome__Wrapper-sc-1aduiiu-1 iwiozQ"
>
  <h1
    className="welcome__Title-sc-1aduiiu-0 hGWJmu"
  >
    <a
      href="/about"
      id="start"
      onClick={[Function]}
    >
      About
    </a>
  </h1>
</section>
`;
